// Jest Snapshot v1, https://goo.gl/fbAQLP

exports[`should match with snapshot 1`] = `
<View
  accessible={true}
  focusable={false}
  onClick={[Function]}
  onResponderGrant={[Function]}
  onResponderMove={[Function]}
  onResponderRelease={[Function]}
  onResponderTerminate={[Function]}
  onResponderTerminationRequest={[Function]}
  onStartShouldSetResponder={[Function]}
  style={
    Object {
      "backgroundColor": "blue",
      "borderRadius": 10,
      "margin": 10,
      "opacity": 1,
      "padding": 10,
    }
  }
  testID="button-touchable"
>
  <Text
    style={
      Object {
        "color": "white",
      }
    }
    testID="button-title"
  />
</View>
`;
